// Jest Snapshot v1, https://goo.gl/fbAQLP

exports[`WithSimpleValidation.vue displays validation message 1`] = `"email is not valid."`;
